// Jest Snapshot v1, https://goo.gl/fbAQLP

exports[`Queen component renders Queen 1`] = `
<DocumentFragment>
  <figure>
    <a
      href="/queen/undefined"
    >
      <img
        alt="RuPaul"
        height="200px"
        src="rupaul.jpg"
      />
      <figcaption>
        <p>
          RuPaul
        </p>
        <p>
          "Shante, you stay."
        </p>
      </figcaption>
    </a>
  </figure>
</DocumentFragment>
`;
