// Jest Snapshot v1, https://goo.gl/fbAQLP

exports[`QueenList component renders QueenList 1`] = `
<DocumentFragment>
  <ul>
    <li>
      <figure>
        <a
          href="/queen/undefined"
        >
          <img
            alt="RuPaul"
            height="200px"
          />
          <figcaption>
            <p>
              RuPaul
            </p>
            <p>
              "Shante, you stay."
            </p>
          </figcaption>
        </a>
      </figure>
    </li>
    <li>
      <figure>
        <a
          href="/queen/undefined"
        >
          <img
            alt="Darcy"
            height="200px"
          />
          <figcaption>
            <p>
              Darcy
            </p>
            <p>
              "Sashay away."
            </p>
          </figcaption>
        </a>
      </figure>
    </li>
  </ul>
</DocumentFragment>
`;
